Compose can now delegate builds to bake for better performance.
 To do so, set COMPOSE_BAKE=true.
#0 building with "multi-arch" instance using docker-container driver

#1 [explore internal] load build definition from Dockerfile
#1 transferring dockerfile: 4.24kB done
#1 DONE 0.0s

#2 [train internal] load build definition from Dockerfile
#2 transferring dockerfile: 4.24kB done
#2 DONE 0.1s

#3 [nav internal] load build definition from Dockerfile
#3 transferring dockerfile: 4.24kB done
#3 DONE 0.1s

#4 [sim internal] load build definition from Dockerfile
#4 transferring dockerfile: 4.24kB done
#4 DONE 0.1s

#5 [shell internal] load build definition from Dockerfile
#5 transferring dockerfile: 4.24kB done
#5 DONE 0.1s

#6 [shell] resolve image config for docker-image://docker.io/docker/dockerfile:1
#6 ...

#7 [explore auth] docker/dockerfile:pull token for registry-1.docker.io
#7 DONE 0.0s

#6 [shell] resolve image config for docker-image://docker.io/docker/dockerfile:1
#6 DONE 1.7s

#8 [shell] docker-image://docker.io/docker/dockerfile:1@sha256:4edf897a3ffa55b89f906fc8cc78afdb3f1834cc9c7083565e611a8a7d5fe99e
#8 resolve docker.io/docker/dockerfile:1@sha256:4edf897a3ffa55b89f906fc8cc78afdb3f1834cc9c7083565e611a8a7d5fe99e 0.0s done
#8 CACHED

#9 [explore internal] load metadata for docker.io/library/ros:humble-ros-base-jammy
#9 ...

#10 [nav auth] library/ros:pull token for registry-1.docker.io
#10 DONE 0.0s

#9 [train internal] load metadata for docker.io/library/ros:humble-ros-base-jammy
#9 DONE 0.8s

#11 [explore internal] load .dockerignore
#11 transferring context: 138B done
#11 DONE 0.0s

#12 [nav internal] load .dockerignore
#12 transferring context: 138B done
#12 DONE 0.1s

#13 [shell internal] load .dockerignore
#13 transferring context: 138B done
#13 DONE 0.1s

#14 [train internal] load .dockerignore
#14 transferring context: 138B done
#14 DONE 0.1s

#15 [sim internal] load .dockerignore
#15 transferring context: 138B done
#15 DONE 0.1s

#16 [explore  1/12] FROM docker.io/library/ros:humble-ros-base-jammy@sha256:860e53793ccf575e5369b5e9a19939de2bfcfb46a299954d06f54f2af54fed19
#16 resolve docker.io/library/ros:humble-ros-base-jammy@sha256:860e53793ccf575e5369b5e9a19939de2bfcfb46a299954d06f54f2af54fed19 0.0s done
#16 DONE 0.1s

#17 [train internal] load build context
#17 transferring context: 16.32kB 0.0s done
#17 DONE 0.1s

#18 [explore internal] load build context
#18 transferring context: 15.99kB 0.0s done
#18 DONE 0.0s

#19 [shell internal] load build context
#19 transferring context: 16.32kB 0.0s done
#19 DONE 0.1s

#20 [sim internal] load build context
#20 transferring context: 16.32kB 0.0s done
#20 DONE 0.1s

#21 [nav internal] load build context
#21 transferring context: 16.32kB 0.0s done
#21 DONE 0.1s

#22 [explore  4/12] COPY docker/constraints.txt /tmp/constraints.txt
#22 CACHED

#23 [explore  2/12] RUN apt-get update && apt-get install -y --no-install-recommends         git git-lfs curl wget gnupg lsb-release ca-certificates build-essential         python3-pip python3-dev python3-colcon-common-extensions         libgl1 libegl1 libglib2.0-0 libopenexr-dev zlib1g-dev ffmpeg         mesa-utils x11-apps less nano     && rm -rf /var/lib/apt/lists/*
#23 CACHED

#24 [explore  3/12] RUN curl -fsSL https://packages.osrfoundation.org/gazebo.gpg -o /usr/share/keyrings/pkgs-osrf-archive-keyring.gpg     && echo "deb [arch=$(dpkg --print-architecture) signed-by=/usr/share/keyrings/pkgs-osrf-archive-keyring.gpg] http://packages.osrfoundation.org/gazebo/ubuntu-stable $(lsb_release -cs) main"         > /etc/apt/sources.list.d/gazebo-stable.list     && apt-get update && apt-get install -y --no-install-recommends         gz-harmonic         ros-humble-ros-gzharmonic         ros-humble-rviz2         ros-humble-rqt-image-view         ros-humble-teleop-twist-keyboard         ros-humble-tf2-ros     && rm -rf /var/lib/apt/lists/*
#24 CACHED

#25 [shell  5/12] RUN python3 -m pip install -c /tmp/constraints.txt torch==2.2.0 torchvision==0.17.0 torchaudio==2.2.0
#25 CACHED

#26 [shell  6/12] RUN git init -q /opt/OmniVLA && cd /opt/OmniVLA     && git remote add origin https://github.com/NHirose/OmniVLA.git     && git fetch -q --depth 1 origin 5182600cb4a9ee07684e17cdd2a6cbafc56b8a68 && git checkout -q FETCH_HEAD     && sed -i -E 's/^([[:space:]]*)"av"[[:space:]]*$/\1"av",/' pyproject.toml     && python3 -c "from pip._vendor import tomli; tomli.loads(open('pyproject.toml').read())"     && python3 -m pip install -c /tmp/constraints.txt -e /opt/OmniVLA     && python3 -m pip install -c /tmp/constraints.txt scipy pyyaml pytest
#26 1.353 Obtaining file:///opt/OmniVLA
#26 1.490   Installing build dependencies: started
#26 3.525   Installing build dependencies: finished with status 'done'
#26 3.528   Checking if build backend supports build_editable: started
#26 3.634   Checking if build backend supports build_editable: finished with status 'done'
#26 3.635 ERROR: Project file:///opt/OmniVLA has a 'pyproject.toml' and its build backend is missing the 'build_editable' hook. Since it does not have a 'setup.py' nor a 'setup.cfg', it cannot be installed in editable mode. Consider using a build backend that supports PEP 660.
#26 ERROR: process "/bin/bash -o pipefail -c git init -q ${OMNIVLA_ROOT} && cd ${OMNIVLA_ROOT}     && git remote add origin ${OMNIVLA_REPO}     && git fetch -q --depth 1 origin ${OMNIVLA_COMMIT} && git checkout -q FETCH_HEAD     && sed -i -E 's/^([[:space:]]*)\"av\"[[:space:]]*$/\\1\"av\",/' pyproject.toml     && python3 -c \"from pip._vendor import tomli; tomli.loads(open('pyproject.toml').read())\"     && python3 -m pip install -c /tmp/constraints.txt -e ${OMNIVLA_ROOT}     && python3 -m pip install -c /tmp/constraints.txt scipy pyyaml pytest" did not complete successfully: exit code: 1
------
 > [sim  6/12] RUN git init -q /opt/OmniVLA && cd /opt/OmniVLA     && git remote add origin https://github.com/NHirose/OmniVLA.git     && git fetch -q --depth 1 origin 5182600cb4a9ee07684e17cdd2a6cbafc56b8a68 && git checkout -q FETCH_HEAD     && sed -i -E 's/^([[:space:]]*)"av"[[:space:]]*$/\1"av",/' pyproject.toml     && python3 -c "from pip._vendor import tomli; tomli.loads(open('pyproject.toml').read())"     && python3 -m pip install -c /tmp/constraints.txt -e /opt/OmniVLA     && python3 -m pip install -c /tmp/constraints.txt scipy pyyaml pytest:
1.353 Obtaining file:///opt/OmniVLA
1.490   Installing build dependencies: started
3.525   Installing build dependencies: finished with status 'done'
3.528   Checking if build backend supports build_editable: started
3.634   Checking if build backend supports build_editable: finished with status 'done'
3.635 ERROR: Project file:///opt/OmniVLA has a 'pyproject.toml' and its build backend is missing the 'build_editable' hook. Since it does not have a 'setup.py' nor a 'setup.cfg', it cannot be installed in editable mode. Consider using a build backend that supports PEP 660.
------
failed to solve: process "/bin/bash -o pipefail -c git init -q ${OMNIVLA_ROOT} && cd ${OMNIVLA_ROOT}     && git remote add origin ${OMNIVLA_REPO}     && git fetch -q --depth 1 origin ${OMNIVLA_COMMIT} && git checkout -q FETCH_HEAD     && sed -i -E 's/^([[:space:]]*)\"av\"[[:space:]]*$/\\1\"av\",/' pyproject.toml     && python3 -c \"from pip._vendor import tomli; tomli.loads(open('pyproject.toml').read())\"     && python3 -m pip install -c /tmp/constraints.txt -e ${OMNIVLA_ROOT}     && python3 -m pip install -c /tmp/constraints.txt scipy pyyaml pytest" did not complete successfully: exit code: 1
